// Jest Snapshot v1, https://goo.gl/fbAQLP

exports[`fethcManager should contain a test 1`] = `undefined`;
